"State","StateCapital"
Alabama,Montgomery
Alaska,Juneau
Arizona,Phoenix
