State,EventType,DamageProperty,42
ATLANTIC SOUTH,Waterspout,0,42
FLORIDA,Heavy Rain,0,42
FLORIDA,Tornado,6200000,42
GEORGIA,Thunderstorm Wind,2000,42
MISSISSIPPI,Thunderstorm Wind,20000,42
